<template>
    <span>eof-in-element-that-can-contain-only-text</span>
<textarea>asdf</textarea></template>