<template lwc:render-mode="light">
    <div onscroll={onScroll} class="lwc-slot-wrapper"><slot></slot></div>
</template>
