{
  "modified": [],
  "deleted": [],
  "errors": [],
  "total": {
    "numModified": 0,
    "numErrors": 0
  }
}