<template lwc:render-mode="light">
    <div>
        <template>click me!</template>
    </div>
</template>