<template>
    <section if:true={componentVisible}>
        <span>Show me the money!</span>
    </section>
</template>