<template lwc:render-mode="light">
    <slot name="foo"></slot>
    <slot name="bar"></slot>
    <slot><div>hello default</div></slot>
</template>
