<template lwc:render-mode="light">
    <div onscroll={onScroll} class="lwc-slot-wrapper"><slot name="baz">
        <div>default!</div>
    </slot></div>
</template>
