<template>
    <section>
        <span>hello</span>
        <span>mr. anderson</span>
</section></template>
