{
  "modified": [
    "x/component/component.js",
    "x/component/component.html"
  ],
  "deleted": [],
  "errors": [
    "x/invalid/invalid.js"
  ],
  "total": {
    "numModified": 2,
    "numErrors": 1
  }
}