<template lwc:render-mode="light">
    <div class="lwc-dom-manual-8a8lf9"></div>
</template>
